// Vitest Snapshot v1, https://vitest.dev/guide/snapshot.html

exports[`index page > matches snapshot (empty feed) 1`] = `
"<main class="wrap">
  <div class="subbar">
    <div class="subbar-top">
      <div>
        <h1 class="page-title">Your Feed</h1>
        <p class="page-sub"><b style="color: var(--ink-2);">0</b> unread across 2 sources · updated just now </p>
      </div>
      <div class="subbar-tools"><button class="fchip" title="Show unread only"><span class="dot" style="--c: var(--accent);"></span>Unread only </button><button class="btn btn-ghost">
          <ricon name="checkAll" size="16"></ricon> Mark all read
        </button>
        <div class="seg"><button class="active" title="Timeline">
            <ricon name="list" size="16"></ricon>
          </button><button class="" title="Grid">
            <ricon name="grid" size="16"></ricon>
          </button><button class="" title="Columns">
            <ricon name="columns" size="16"></ricon>
          </button></div>
      </div>
    </div>
    <div class="filters"><button class="fchip active"><span class="dot" style="--c: var(--accent);"></span>All<span class="count">0</span></button><button class="fchip"><span class="dot" style="--c: var(--src-rss);"></span>RSS<span class="count">0</span></button><button class="fchip"><span class="dot" style="--c: var(--src-podcast);"></span>Podcasts<span class="count">0</span></button><button class="fchip"><span class="dot" style="--c: var(--src-video);"></span>YouTube<span class="count">0</span></button><button class="fchip"><span class="dot" style="--c: var(--src-tweet);"></span>X<span class="count">0</span></button><button class="fchip"><span class="dot" style="--c: var(--src-photo);"></span>Instagram<span class="count">0</span></button><button class="fchip"><span class="dot" style="--c: var(--accent);"></span>Saved<span class="count">0</span></button></div>
  </div>
  <div class="feed layout-timeline">
    <!-- skeleton -->
    <!-- loaded -->
    <div class="empty">
      <ricon name="inbox" size="40"></ricon>
      <h3>You're all caught up</h3>
      <p> Nothing left in this filter. Try another source or pull to refresh. </p>
    </div>
  </div>
</main>"
`;
