// Vitest Snapshot v1, https://vitest.dev/guide/snapshot.html

exports[`settings page > matches snapshot (empty state) 1`] = `
"<main class="wrap">
  <div class="settings">
    <nav class="set-nav"><a class="active">Feeds</a><a class="">Connections</a><a class="">Reading</a><a class="">Account</a></nav>
    <div class="set-main">
      <settings-feeds-stub></settings-feeds-stub>
    </div>
  </div>
</main>"
`;
