// Vitest Snapshot v1, https://vitest.dev/guide/snapshot.html

exports[`settings page > matches snapshot (empty state) 1`] = `
"<main class="wrap">
  <div class="settings">
    <nav class="set-nav"><a class="active">Feeds</a><a class="">Connections</a><a class="">Reading</a><a class="">Account</a></nav>
    <div class="set-main">
      <!-- FEEDS -->
      <section class="set-section">
        <h2>RSS &amp; Podcasts</h2>
        <p class="desc"> Paste any feed URL — Reader auto-detects whether it's an article feed or a podcast. </p>
        <div class="add-feed">
          <div class="field">
            <ricon name="rss" size="16"></ricon><input placeholder="https://example.com/feed.xml">
          </div><button class="btn btn-primary">
            <ricon name="plus" size="16"></ricon> Add feed
          </button>
        </div>
        <div class="feed-list"></div>
      </section>
    </div>
  </div>
</main>"
`;
